
> sme-grant-navigator@0.1.0 build
> next build

npm : ??Warning: Next.js inferred your workspace root, but it may not be correct.
At line:1 char:1
+ npm run build *> build-output.log; $code=$LASTEXITCODE; Get-Content . ...
+ ~~~~~~~~~~~~~~~~~~~~~~~~~~~~~~~~~
    + CategoryInfo          : NotSpecified: (??Warning: Next...not be correct.:String) [],  
   RemoteException
    + FullyQualifiedErrorId : NativeCommandError
 
 We detected multiple lockfiles and selected the directory of 
C:\Users\user\package-lock.json as the root directory.
 To silence this warning, set `turbopack.root` in your Next.js config, or consider removing 
one of the lockfiles if it's not needed.
   See 
https://nextjs.org/docs/app/api-reference/config/next-config-js/turbopack#root-directory 
for more information.
 Detected additional lockfiles: 
   * C:\Users\user\projects\low-hanging-fruits\sme-grant-navigator\package-lock.json

??Next.js 16.2.4 (Turbopack)

  Creating an optimized production build ...
??Compiled successfully in 1931ms
  Running TypeScript ...
  Finished TypeScript in 2.0s ...
  Collecting page data using 5 workers ...
  Generating static pages using 5 workers (0/15) ...
  Generating static pages using 5 workers (3/15) 
  Generating static pages using 5 workers (7/15) 
  Generating static pages using 5 workers (11/15) 
??Generating static pages using 5 workers (15/15) in 513ms
  Finalizing page optimization ...

Route (app)
????/
????/_not-found
????/funds/[schemeId]
  ??/funds/easy-bud
  ??/funds/bud-general
  ??/funds/bud-ecommerce-easy
  ??[+9 more paths]


?? (Static)  prerendered as static content
?? (SSG)     prerendered as static HTML (uses generateStaticParams)

